// Jest Snapshot v1, https://goo.gl/fbAQLP

exports[`renders correctly 1`] = `
<div
  className="flex flex-col items-center w-52"
>
  <div
    className="flex  flex-col"
  >
    <a
      href=""
      rel="noopener noreferrer"
      target="_blank"
    >
      <img
        alt="logo"
        className="transform hover:scale-110 motion-reduce:transform-none bg-white text-lightBlue-400 shadow-lg font-normal h-10 w-10 items-center justify-center align-center rounded-full outline-none focus:outline-none mr-2"
        src="../src/assets/img/icons/github.png"
      />
    </a>
  </div>
  <div
    className="text-center"
  >
    Yauheni Beiduk
  </div>
</div>
`;
